
> keyboard-relay-website@0.0.0 build C:\Users\elias\Documents\code\keyboard-relay\website
> tsc -b && vite build

src/components/helper-panel/HelperPanel.tsx(77,59): error TS2551: Property 'code' does not exist on type 'PressAction'. Did you mean 'codes'?
src/components/helper-panel/HelperPanel.tsx(77,84): error TS2551: Property 'code' does not exist on type 'PressAction'. Did you mean 'codes'?
src/components/helper-panel/HelperPanel.tsx(77,109): error TS2551: Property 'code' does not exist on type 'PressAction'. Did you mean 'codes'?
src/components/helper-panel/HelperPanel.tsx(77,134): error TS2551: Property 'code' does not exist on type 'PressAction'. Did you mean 'codes'?
src/components/keyboard-info-panel/KeyInfoPanel.tsx(25,58): error TS2551: Property 'code' does not exist on type 'PressAction'. Did you mean 'codes'?
ΓÇëELIFECYCLEΓÇë Command failed with exit code 2.
